stdout of test 'Bug_PrepStmt_With_Errors_Jira292` in directory 'sql/jdbc/tests` itself:


# 14:46:39 >  
# 14:46:39 >  "mserver5" "--debug=10" "--set" "gdk_nr_threads=0" "--set" "mapi_open=true" "--set" "mapi_port=35788" "--set" "mapi_usock=/var/tmp/mtest-8623/.s.monetdb.35788" "--set" "monet_prompt=" "--forcemito" "--dbpath=/export/scratch2/dinther/INSTALL/var/MonetDB/mTests_sql_jdbc_tests"
# 14:46:39 >  

# MonetDB 5 server v11.27.2
# This is an unreleased version
# Serving database 'mTests_sql_jdbc_tests', using 8 threads
# Compiled for x86_64-unknown-linux-gnu/64bit with 128bit integers
# Found 15.588 GiB available main-memory.
# Copyright (c) 1993-July 2008 CWI.
# Copyright (c) August 2008-2017 MonetDB B.V., all rights reserved
# Visit https://www.monetdb.org/ for further information
# Listening for connection requests on mapi:monetdb://toulouse.da.cwi.nl:35788/
# Listening for UNIX domain connection requests on mapi:monetdb:///var/tmp/mtest-8623/.s.monetdb.35788
# MonetDB/GIS module loaded
# MonetDB/SQL module loaded

# 20:28:13 >  
# 20:28:13 >  "./Bug_PrepStmt_With_Errors_Jira292.SQL.sh" "Bug_PrepStmt_With_Errors_Jira292"
# 20:28:13 >  

# 14:46:39 >  
# 14:46:39 >  "./Bug_PrepStmtSetObject_CLOB_6349.SQL.sh" "Bug_PrepStmtSetObject_CLOB_6349"
# 14:46:39 >  


# 14:46:39 >  
# 14:46:39 >  java Bug_PrepStmtSetObject_CLOB_6349 "jdbc:monetdb://toulouse:35788/mTests_sql_jdbc_tests?user=monetdb&password=monetdb"
# 14:46:39 >  

0. true	true
1. table created and inserted 1 row
2. before select query execution
2a. select query executed
2c. closed select query resultset
2d. normal end of select query
3. before creating a prepared select query
3a. prepared select query
3b. Prepared Query has 0 parameters.
3c. Prepared Query has 1 columns. Type of first is: varchar
3d. before executing the prepared select query
3e. prepared select query executed
3f. prepared Query ResultSet has 1 columns. Type of first is: varchar
3h. closed prepared select query resultset
3i. normal end of prepared select query
4. drop table
5. normal end of test

# 19:43:34 >  
# 19:43:34 >  "Done."
# 19:43:34 >  

