stdout of test 'mosaic_dict256_joins` in directory 'monetdb5/modules/mosaic` itself:


# 09:15:38 >  
# 09:15:38 >  "mserver5" "--debug=10" "--set" "gdk_nr_threads=0" "--set" "mapi_open=true" "--set" "mapi_port=32819" "--set" "mapi_usock=/var/tmp/mtest-23734/.s.monetdb.32819" "--set" "monet_prompt=" "--forcemito" "--set" "mal_listing=2" "--dbpath=/export/scratch1/mk/mosaic//Linux/var/MonetDB/mTests_monetdb5_modules_mal" "mosaic_dict_joins.mal"
# 09:15:38 >  

# MonetDB 5 server v11.20.0
# This is an unreleased version
# Serving database 'mTests_monetdb5_modules_mal', using 8 threads
# Compiled for x86_64-unknown-linux-gnu/64bit with 64bit OIDs and 128bit integers dynamically linked
# Found 15.591 GiB available main-memory.
# Copyright (c) 1993-July 2008 CWI.
# Copyright (c) August 2008-2014 MonetDB B.V., all rights reserved
# Visit http://www.monetdb.org/ for further information
# Listening for connection requests on mapi:monetdb://vienna.ins.cwi.nl:32819/
# Listening for UNIX domain connection requests on mapi:monetdb:///var/tmp/mtest-23734/.s.monetdb.32819
# MonetDB/GIS module loaded
# MonetDB/SQL module loaded
# MonetDB/R   module loaded

# 11:50:53 >  
# 11:50:53 >  "mclient" "-lmal" "-ftest" "-tnone" "-Eutf-8" "--host=/var/tmp/mtest-30332" "--port=39586"
# 11:50:53 >  

#--------------------------#
# h	t  # name
# void	timestamp  # type
#--------------------------#
[ 0@0,	2014-08-14 12:00:00.000000	]
[ 1@0,	2014-08-14 12:00:00.000000	]
[ 2@0,	2014-08-14 12:01:00.000000	]
[ 3@0,	2014-08-14 12:02:00.000000	]
[ 4@0,	2014-08-14 12:00:00.000000	]
[ 5@0,	2014-08-14 12:00:00.000000	]
[ 6@0,	2014-08-14 12:00:00.000000	]
[ 7@0,	2014-08-14 12:01:00.000000	]
[ 8@0,	2014-08-14 12:02:00.000000	]
[ 9@0,	2014-08-14 12:00:00.000000	]
#--------------------------#
# h	t  # name
# void	timestamp  # type
#--------------------------#
[ 0@0,	2014-08-14 12:00:00.000000	]
[ 1@0,	2014-08-14 12:00:00.000000	]
[ 2@0,	2014-08-14 12:01:00.000000	]
[ 3@0,	2014-08-14 12:02:00.000000	]
[ 4@0,	2014-08-14 12:00:00.000000	]
[ 5@0,	2014-08-14 12:00:00.000000	]
[ 6@0,	2014-08-14 12:00:00.000000	]
[ 7@0,	2014-08-14 12:01:00.000000	]
[ 8@0,	2014-08-14 12:02:00.000000	]
[ 9@0,	2014-08-14 12:00:00.000000	]
#--------------------------#
# h	t  # name
# void	oid  # type
#--------------------------#
[ 0@0,	0@0  ]
[ 1@0,	2@0  ]
[ 2@0,	4@0  ]
#--------------------------#
# h	t  # name
# void	timestamp  # type
#--------------------------#
[ 0@0,	2014-08-14 12:00:00.000000	]
[ 1@0,	2014-08-14 12:01:00.000000	]
[ 2@0,	2014-08-14 12:00:00.000000	]
#--------------------------#
# h	t  # name
# void	timestamp  # type
#--------------------------#
[ 0@0,	2014-08-14 12:00:00.000000	]
[ 1@0,	2014-08-14 12:01:00.000000	]
[ 2@0,	2014-08-14 12:00:00.000000	]
#--------------------------#
# h	t	t  # name
# void	oid	oid  # type
#--------------------------#
[ 0@0,	2@0,	0@0  ]
[ 1@0,	3@0,	1@0  ]
[ 2@0,	7@0,	0@0  ]
[ 3@0,	8@0,	1@0  ]
#--------------------------#
# h	t	t  # name
# void	oid	oid  # type
#--------------------------#
[ 0@0,	2@0,	0@0  ]
[ 1@0,	7@0,	0@0	]
[ 2@0,	3@0,	1@0	]
[ 3@0,	8@0,	1@0  ]
#--------------------------#
# t	t	t  # name
# void	oid	oid  # type
#--------------------------#
[ 0@0,	0@0,	2@0  ]
[ 1@0,	1@0,	3@0  ]
[ 2@0,	0@0,	7@0  ]
[ 3@0,	1@0,	8@0  ]
#--------------------------#
# t	t	t  # name
# void	oid	oid  # type
#--------------------------#
[ 0@0,	0@0,	2@0  ]
[ 1@0,	0@0,	7@0	]
[ 2@0,	1@0,	3@0	]
[ 3@0,	1@0,	8@0  ]

# 09:15:38 >  
# 09:15:38 >  "Done."
# 09:15:38 >  

