stdout of test 'mosaic_var` in directory 'monetdb5/modules/mosaic` itself:


# 00:21:55 >  
# 00:21:55 >  "mserver5" "--debug=10" "--set" "gdk_nr_threads=0" "--set" "mapi_open=true" "--set" "mapi_port=34101" "--set" "mapi_usock=/var/tmp/mtest-14508/.s.monetdb.34101" "--set" "monet_prompt=" "--forcemito" "--set" "mal_listing=2" "--dbpath=/export/scratch1/mk/mosaic//Linux/var/MonetDB/mTests_monetdb5_modules_mal" "mosaic_dict.mal"
# 00:21:55 >  

# MonetDB 5 server v11.20.0
# This is an unreleased version
# Serving database 'mTests_monetdb5_modules_mal', using 8 threads
# Compiled for x86_64-unknown-linux-gnu/64bit with 64bit OIDs and 128bit integers dynamically linked
# Found 15.591 GiB available main-memory.
# Copyright (c) 1993-July 2008 CWI.
# Copyright (c) August 2008-2014 MonetDB B.V., all rights reserved
# Visit http://www.monetdb.org/ for further information
# Listening for connection requests on mapi:monetdb://vienna.ins.cwi.nl:34101/
# Listening for UNIX domain connection requests on mapi:monetdb:///var/tmp/mtest-14508/.s.monetdb.34101
# MonetDB/GIS module loaded
# MonetDB/SQL module loaded
# MonetDB/R   module loaded

# 11:50:48 >  
# 11:50:48 >  "mclient" "-lmal" "-ftest" "-tnone" "-Eutf-8" "--host=/var/tmp/mtest-30332" "--port=39586"
# 11:50:48 >  

#--------------------------#
# h	t  # name
# void	timestamp  # type
#--------------------------#
[ 0@0,	2014-08-14 12:00:00.000000	]
[ 1@0,	2014-08-14 12:00:00.000000	]
[ 2@0,	2014-08-14 12:01:00.000000	]
[ 3@0,	2014-08-14 12:02:00.000000	]
[ 4@0,	2014-08-14 12:00:00.000000	]
[ 5@0,	2014-08-14 12:00:00.000000	]
[ 6@0,	2014-08-14 12:00:00.000000	]
[ 7@0,	2014-08-14 12:01:00.000000	]
[ 8@0,	2014-08-14 12:02:00.000000	]
[ 9@0,	2014-08-14 12:00:00.000000	]
#--------------------------#
# h	t  # name
# void	timestamp  # type
#--------------------------#
[ 0@0,	2014-08-14 12:00:00.000000	]
[ 1@0,	2014-08-14 12:00:00.000000	]
[ 2@0,	2014-08-14 12:01:00.000000	]
[ 3@0,	2014-08-14 12:02:00.000000	]
[ 4@0,	2014-08-14 12:00:00.000000	]
[ 5@0,	2014-08-14 12:00:00.000000	]
[ 6@0,	2014-08-14 12:00:00.000000	]
[ 7@0,	2014-08-14 12:01:00.000000	]
[ 8@0,	2014-08-14 12:02:00.000000	]
[ 9@0,	2014-08-14 12:00:00.000000	]
#--------------------------#
# h	t  # name
# void	date  # type
#--------------------------#
[ 0@0,	2014-08-14  ]
[ 1@0,	2014-08-14  ]
[ 2@0,	2014-08-14  ]
[ 3@0,	2014-08-14  ]
[ 4@0,	2014-08-15  ]
[ 5@0,	2014-08-14  ]
[ 6@0,	2014-08-14  ]
[ 7@0,	2014-08-14  ]
[ 8@0,	2014-08-14  ]
[ 9@0,	2014-08-15  ]
# clk 3	sizes 40	200	500%	      0.20x	none	1	10 10	
#--------------------------#
# h	t  # name
# void	date  # type
#--------------------------#
[ 0@0,	2014-08-14  ]
[ 1@0,	2014-08-14  ]
[ 2@0,	2014-08-14  ]
[ 3@0,	2014-08-14  ]
[ 4@0,	2014-08-15  ]
[ 5@0,	2014-08-14  ]
[ 6@0,	2014-08-14  ]
[ 7@0,	2014-08-14  ]
[ 8@0,	2014-08-14  ]
[ 9@0,	2014-08-15  ]

# 00:21:55 >  
# 00:21:55 >  "Done."
# 00:21:55 >  

