stdout of test 'truncate_sys_tables.Bug-6543` in directory 'sql/test/BugTracker-2018` itself:


# 17:47:14 >  
# 17:47:14 >  "mserver5" "--debug=10" "--set" "gdk_nr_threads=0" "--set" "mapi_open=true" "--set" "mapi_port=31828" "--set" "mapi_usock=/var/tmp/mtest-9985/.s.monetdb.31828" "--set" "monet_prompt=" "--forcemito" "--dbpath=/export/scratch1/dinther/INSTALL/var/MonetDB/mTests_sql_test_BugTracker-2018"
# 17:47:14 >  

# MonetDB 5 server v11.29.0
# This is an unreleased version
# Serving database 'mTests_sql_test_BugTracker-2018', using 4 threads
# Compiled for x86_64-unknown-linux-gnu/64bit with 128bit integers
# Found 31.307 GiB available main-memory.
# Copyright (c) 1993 - July 2008 CWI.
# Copyright (c) August 2008 - 2018 MonetDB B.V., all rights reserved
# Visit https://www.monetdb.org/ for further information
# Listening for connection requests on mapi:monetdb://catskill.da.cwi.nl:31828/
# Listening for UNIX domain connection requests on mapi:monetdb:///var/tmp/mtest-9985/.s.monetdb.31828
# MonetDB/GIS module loaded
# MonetDB/SQL module loaded


# 17:47:14 >  
# 17:47:14 >  "mclient" "-lsql" "-ftest" "-tnone" "-Eutf-8" "-i" "-e" "--host=/var/tmp/mtest-9985" "--port=31828"
# 17:47:14 >  

#SELECT (COUNT(*) > 0) AS has_rows FROM sys.user_role;
% .%2 # table_name
% has_rows # name
% boolean # type
% 5 # length
[ false	]
#SELECT (COUNT(*) > 0) AS has_rows FROM sys.user_role;
% .%2 # table_name
% has_rows # name
% boolean # type
% 5 # length
[ false	]
#SELECT (COUNT(*) > 0) AS has_rows FROM sys.types;
% .%2 # table_name
% has_rows # name
% boolean # type
% 5 # length
[ true	]
#SELECT (COUNT(*) > 0) AS has_rows FROM sys.types;
% .%2 # table_name
% has_rows # name
% boolean # type
% 5 # length
[ true	]
#SELECT (COUNT(*) > 0) AS has_rows FROM sys.triggers;
% .%2 # table_name
% has_rows # name
% boolean # type
% 5 # length
[ true	]
#SELECT (COUNT(*) > 0) AS has_rows FROM sys.triggers;
% .%2 # table_name
% has_rows # name
% boolean # type
% 5 # length
[ true	]
#SELECT (COUNT(*) > 0) AS has_rows FROM sys.table_types;
% .%2 # table_name
% has_rows # name
% boolean # type
% 5 # length
[ true	]
#SELECT (COUNT(*) > 0) AS has_rows FROM sys.table_types;
% .%2 # table_name
% has_rows # name
% boolean # type
% 5 # length
[ true	]
#SELECT (COUNT(*) > 0) AS has_rows FROM sys.systemfunctions;
% sys.%2 # table_name
% has_rows # name
% boolean # type
% 5 # length
[ true	]
#SELECT (COUNT(*) > 0) AS has_rows FROM sys.systemfunctions;
% sys.%2 # table_name
% has_rows # name
% boolean # type
% 5 # length
[ true	]
#SELECT (COUNT(*) > 0) AS has_rows FROM sys.sequences;
% .%2 # table_name
% has_rows # name
% boolean # type
% 5 # length
[ false	]
#SELECT (COUNT(*) > 0) AS has_rows FROM sys.sequences;
% .%2 # table_name
% has_rows # name
% boolean # type
% 5 # length
[ false	]
#SELECT (COUNT(*) > 0) AS has_rows FROM sys.schemas;
% .%2 # table_name
% has_rows # name
% boolean # type
% 5 # length
[ true	]
#SELECT (COUNT(*) > 0) AS has_rows FROM sys.schemas;
% .%2 # table_name
% has_rows # name
% boolean # type
% 5 # length
[ true	]
#SELECT (COUNT(*) > 0) AS has_rows FROM sys.privileges;
% .%2 # table_name
% has_rows # name
% boolean # type
% 5 # length
[ true	]
#SELECT (COUNT(*) > 0) AS has_rows FROM sys.privileges;
% .%2 # table_name
% has_rows # name
% boolean # type
% 5 # length
[ true	]
#SELECT (COUNT(*) > 0) AS has_rows FROM sys.privilege_codes;
% .%2 # table_name
% has_rows # name
% boolean # type
% 5 # length
[ true	]
#SELECT (COUNT(*) > 0) AS has_rows FROM sys.privilege_codes;
% .%2 # table_name
% has_rows # name
% boolean # type
% 5 # length
[ true	]
#SELECT (COUNT(*) > 0) AS has_rows FROM sys.objects;
% .%2 # table_name
% has_rows # name
% boolean # type
% 5 # length
[ true	]
#SELECT (COUNT(*) > 0) AS has_rows FROM sys.objects;
% .%2 # table_name
% has_rows # name
% boolean # type
% 5 # length
[ true	]
#SELECT (COUNT(*) > 0) AS has_rows FROM sys.keywords;
% .%2 # table_name
% has_rows # name
% boolean # type
% 5 # length
[ true	]
#SELECT (COUNT(*) > 0) AS has_rows FROM sys.keywords;
% .%2 # table_name
% has_rows # name
% boolean # type
% 5 # length
[ true	]
#SELECT (COUNT(*) > 0) AS has_rows FROM sys.keys;
% .%2 # table_name
% has_rows # name
% boolean # type
% 5 # length
[ true	]
#SELECT (COUNT(*) > 0) AS has_rows FROM sys.keys;
% .%2 # table_name
% has_rows # name
% boolean # type
% 5 # length
[ true	]
#SELECT (COUNT(*) > 0) AS has_rows FROM sys.key_types;
% .%2 # table_name
% has_rows # name
% boolean # type
% 5 # length
[ true	]
#SELECT (COUNT(*) > 0) AS has_rows FROM sys.key_types;
% .%2 # table_name
% has_rows # name
% boolean # type
% 5 # length
[ true	]
#SELECT (COUNT(*) > 0) AS has_rows FROM sys.index_types;
% .%2 # table_name
% has_rows # name
% boolean # type
% 5 # length
[ true	]
#SELECT (COUNT(*) > 0) AS has_rows FROM sys.index_types;
% .%2 # table_name
% has_rows # name
% boolean # type
% 5 # length
[ true	]
#SELECT (COUNT(*) > 0) AS has_rows FROM sys.idxs;
% .%2 # table_name
% has_rows # name
% boolean # type
% 5 # length
[ true	]
#SELECT (COUNT(*) > 0) AS has_rows FROM sys.idxs;
% .%2 # table_name
% has_rows # name
% boolean # type
% 5 # length
[ true	]
#SELECT (COUNT(*) > 0) AS has_rows FROM sys.functions;
% .%2 # table_name
% has_rows # name
% boolean # type
% 5 # length
[ true	]
#SELECT (COUNT(*) > 0) AS has_rows FROM sys.functions;
% .%2 # table_name
% has_rows # name
% boolean # type
% 5 # length
[ true	]
#SELECT (COUNT(*) > 0) AS has_rows FROM sys.function_types;
% .%2 # table_name
% has_rows # name
% boolean # type
% 5 # length
[ true	]
#SELECT (COUNT(*) > 0) AS has_rows FROM sys.function_types;
% .%2 # table_name
% has_rows # name
% boolean # type
% 5 # length
[ true	]
#SELECT (COUNT(*) > 0) AS has_rows FROM sys.function_languages;
% .%2 # table_name
% has_rows # name
% boolean # type
% 5 # length
[ true	]
#SELECT (COUNT(*) > 0) AS has_rows FROM sys.function_languages;
% .%2 # table_name
% has_rows # name
% boolean # type
% 5 # length
[ true	]
#SELECT (COUNT(*) > 0) AS has_rows FROM sys.dependency_types;
% .%2 # table_name
% has_rows # name
% boolean # type
% 5 # length
[ true	]
#SELECT (COUNT(*) > 0) AS has_rows FROM sys.dependency_types;
% .%2 # table_name
% has_rows # name
% boolean # type
% 5 # length
[ true	]
#SELECT (COUNT(*) > 0) AS has_rows FROM sys.dependencies;
% .%2 # table_name
% has_rows # name
% boolean # type
% 5 # length
[ true	]
#SELECT (COUNT(*) > 0) AS has_rows FROM sys.dependencies;
% .%2 # table_name
% has_rows # name
% boolean # type
% 5 # length
[ true	]
#SELECT (COUNT(*) > 0) AS has_rows FROM sys.comments;
% .%2 # table_name
% has_rows # name
% boolean # type
% 5 # length
[ false	]
#SELECT (COUNT(*) > 0) AS has_rows FROM sys.comments;
% .%2 # table_name
% has_rows # name
% boolean # type
% 5 # length
[ false	]
#SELECT (COUNT(*) > 0) AS has_rows FROM sys.auths;
% .%2 # table_name
% has_rows # name
% boolean # type
% 5 # length
[ true	]
#SELECT (COUNT(*) > 0) AS has_rows FROM sys.auths;
% .%2 # table_name
% has_rows # name
% boolean # type
% 5 # length
[ true	]
#SELECT (COUNT(*) > 0) AS has_rows FROM sys.args;
% .%2 # table_name
% has_rows # name
% boolean # type
% 5 # length
[ true	]
#SELECT (COUNT(*) > 0) AS has_rows FROM sys.args;
% .%2 # table_name
% has_rows # name
% boolean # type
% 5 # length
[ true	]
#SELECT (COUNT(*) > 0) AS has_rows FROM sys._tables;
% .%2 # table_name
% has_rows # name
% boolean # type
% 5 # length
[ true	]
#SELECT (COUNT(*) > 0) AS has_rows FROM sys._tables;
% .%2 # table_name
% has_rows # name
% boolean # type
% 5 # length
[ true	]
#SELECT (COUNT(*) > 0) AS has_rows FROM sys._columns;
% .%2 # table_name
% has_rows # name
% boolean # type
% 5 # length
[ true	]
#SELECT (COUNT(*) > 0) AS has_rows FROM sys._columns;
% .%2 # table_name
% has_rows # name
% boolean # type
% 5 # length
[ true	]

# 17:47:14 >  
# 17:47:14 >  "Done."
# 17:47:14 >  

