stdout of test 'basket00` in directory 'sql/backends/monet5` itself:


# 13:08:26 >  
# 13:08:26 >  "mserver5" "--debug=10" "--set" "gdk_nr_threads=0" "--set" "mapi_open=true" "--set" "mapi_port=39158" "--set" "mapi_usock=/var/tmp/mtest-16206/.s.monetdb.39158" "--set" "monet_prompt=" "--forcemito" "--dbpath=/export/scratch1/mk/cquery//Linux/var/MonetDB/mTests_sql_backends_monet5"
# 13:08:26 >  

# MonetDB 5 server v11.26.0
# This is an unreleased version
# Serving database 'mTests_sql_backends_monet5', using 8 threads
# Compiled for x86_64-unknown-linux-gnu/64bit with 128bit integers
# Found 15.589 GiB available main-memory.
# Copyright (c) 1993-July 2008 CWI.
# Copyright (c) August 2008-2017 MonetDB B.V., all rights reserved
# Visit http://www.monetdb.org/ for further information
# Listening for connection requests on mapi:monetdb://vienna.da.cwi.nl:39158/
# Listening for UNIX domain connection requests on mapi:monetdb:///var/tmp/mtest-16206/.s.monetdb.39158
# MonetDB/GIS module loaded
# MonetDB/SQL module loaded

# 11:29:56 >  
# 11:29:56 >  "mclient" "-lsql" "-ftest" "-tnone" "-Eutf-8" "-i" "-e" "--host=/var/tmp/mtest-129719" "--port=34076"
# 11:29:56 >  

#create stream table s_tmp(i integer);
#insert into s_tmp values(1),(2);
[ 2	]
#select * from s_tmp;
% sys.s_tmp # table_name
% i # name
% int # type
% 1 # length
[ 1	]
[ 2	]
#drop table s_tmp;

# 13:08:27 >  
# 13:08:27 >  "Done."
# 13:08:27 >  

