stdout of test 'cfunction01` in directory 'sql/backends/monet5` itself:


# 16:27:02 >  
# 16:27:02 >  "mserver5" "--debug=10" "--set" "gdk_nr_threads=0" "--set" "mapi_open=true" "--set" "mapi_port=36085" "--set" "mapi_usock=/var/tmp/mtest-2361/.s.monetdb.36085" "--set" "monet_prompt=" "--forcemito" "--dbpath=/home/ferreira/MonetDB-trails/BUILD/var/MonetDB/mTests_sql_backends_monet5"
# 16:27:02 >  

# MonetDB 5 server v11.28.0
# This is an unreleased version
# Serving database 'mTests_sql_backends_monet5', using 8 threads
# Compiled for x86_64-pc-linux-gnu/64bit with 128bit integers
# Found 15.498 GiB available main-memory.
# Copyright (c) 1993-July 2008 CWI.
# Copyright (c) August 2008-2017 MonetDB B.V., all rights reserved
# Visit https://www.monetdb.org/ for further information
# Listening for connection requests on mapi:monetdb://dhcp-120.eduroam.cwi.nl:36085/
# Listening for UNIX domain connection requests on mapi:monetdb:///var/tmp/mtest-2361/.s.monetdb.36085
# MonetDB/GIS module loaded
# MonetDB/SQL module loaded
# MonetDB/Timetrails module loaded

# 14:34:58 >  
# 14:34:58 >  "mclient" "-lsql" "-ftest" "-tnone" "-Eutf-8" "-i" "-e" "--host=/var/tmp/mtest-260199" "--port=31840"
# 14:34:58 >  

#create stream table ftmp(i integer) set window 2;
#create function aggr01()     
#returns integer
#begin
#    declare s int;
#	set s = 0;
#	while (true)
#	do
#		set s = s + (select count(*) from ftmp);
#		yield s ; 
#	end while;
#	return s;
#END;
#start continuous function aggr01();
#select result from cquery.aggr01; #should be empty
% cquery.aggr01 # table_name
% result # name
% int # type
% 1 # length
#pause continuous aggr01;
#insert into ftmp values(1),(1);
[ 2	]
#resume continuous aggr01;
#select result from cquery.aggr01; #should return 2
% cquery.aggr01 # table_name
% result # name
% int # type
% 1 # length
[ 2	]
#pause continuous aggr01;
#insert into ftmp values(2),(2);
[ 2	]
#insert into ftmp values(3),(3);
[ 2	]
#resume continuous aggr01;
#select result from cquery.aggr01; #should return 2,4,6
% cquery.aggr01 # table_name
% result # name
% int # type
% 1 # length
[ 2	]
[ 4	]
[ 6	]
#select result from cquery.aggr01; #should return 2,4,6
% cquery.aggr01 # table_name
% result # name
% int # type
% 1 # length
[ 2	]
[ 4	]
[ 6	]
#stop continuous aggr01;
#drop function aggr01;
#drop table ftmp;

# 16:27:07 >  
# 16:27:07 >  "Done."
# 16:27:07 >  

