stdout of test 'cqcreate` in directory 'sql/backends/monet5` itself:


# 10:26:34 >  
# 10:26:34 >  "mserver5" "--debug=10" "--set" "gdk_nr_threads=0" "--set" "mapi_open=true" "--set" "mapi_port=39287" "--set" "mapi_usock=/var/tmp/mtest-24395/.s.monetdb.39287" "--set" "monet_prompt=" "--forcemito" "--dbpath=/home/ferreira/MonetDB-trails/BUILD/var/MonetDB/mTests_sql_backends_monet5"
# 10:26:34 >  

# MonetDB 5 server v11.28.0
# This is an unreleased version
# Serving database 'mTests_sql_backends_monet5', using 8 threads
# Compiled for x86_64-pc-linux-gnu/64bit with 128bit integers
# Found 15.499 GiB available main-memory.
# Copyright (c) 1993-July 2008 CWI.
# Copyright (c) August 2008-2017 MonetDB B.V., all rights reserved
# Visit https://www.monetdb.org/ for further information
# Listening for connection requests on mapi:monetdb://dhcp-120.eduroam.cwi.nl:39287/
# Listening for UNIX domain connection requests on mapi:monetdb:///var/tmp/mtest-24395/.s.monetdb.39287
# MonetDB/GIS module loaded
# MonetDB/SQL module loaded
# MonetDB/Timetrails module loaded

# 11:29:57 >  
# 11:29:57 >  "mclient" "-lsql" "-ftest" "-tnone" "-Eutf-8" "-i" "-e" "--host=/var/tmp/mtest-129719" "--port=34076"
# 11:29:57 >  

#CREATE stream TABLE testing (a int);
#CREATE TABLE results (b int);
#CREATE PROCEDURE stressing() BEGIN INSERT INTO results SELECT a FROM testing; END;

# 10:26:34 >  
# 10:26:34 >  "Done."
# 10:26:34 >  

