stdout of test 'cqstream02` in directory 'sql/backends/monet5` itself:


# 13:01:24 >  
# 13:01:24 >  "mserver5" "--debug=10" "--set" "gdk_nr_threads=0" "--set" "mapi_open=true" "--set" "mapi_port=32966" "--set" "mapi_usock=/var/tmp/mtest-20007/.s.monetdb.32966" "--set" "monet_prompt=" "--forcemito" "--dbpath=/export/scratch1/mk/cquery//Linux/var/MonetDB/mTests_sql_backends_monet5"
# 13:01:24 >  

# MonetDB 5 server v11.28.0
# This is an unreleased version
# Serving database 'mTests_sql_backends_monet5', using 8 threads
# Compiled for x86_64-unknown-linux-gnu/64bit with 128bit integers
# Found 15.589 GiB available main-memory.
# Copyright (c) 1993-July 2008 CWI.
# Copyright (c) August 2008-2017 MonetDB B.V., all rights reserved
# Visit http://www.monetdb.org/ for further information
# Listening for connection requests on mapi:monetdb://vienna.da.cwi.nl:32966/
# Listening for UNIX domain connection requests on mapi:monetdb:///var/tmp/mtest-20007/.s.monetdb.32966
# MonetDB/GIS module loaded
# MonetDB/SQL module loaded

# 14:34:50 >  
# 14:34:50 >  "mclient" "-lsql" "-ftest" "-tnone" "-Eutf-8" "-i" "-e" "--host=/var/tmp/mtest-260199" "--port=31840"
# 14:34:50 >  

#create stream table stmp10 (t timestamp, sensor integer, val decimal(8,2)) ;
#create table tmp_aggregate(tmp_total decimal(8,2), tmp_count decimal(8,2));
#insert into tmp_aggregate values(0.0,0.0);
[ 1	]
#create procedure cq_collector()
#begin
#    update tmp_aggregate
#        set tmp_total = tmp_total + (select sum(val) from sys.stmp10),
#            tmp_count = tmp_count + (select count(*) from sys.stmp10);
#end;
#insert into stmp10 values('2005-09-23 12:34:26.000',1,9.0);
[ 1	]
#insert into stmp10 values('2005-09-23 12:34:27.000',1,11.0);
[ 1	]
#insert into stmp10 values('2005-09-23 12:34:28.000',1,13.0);
[ 1	]
#insert into stmp10 values('2005-09-23 12:34:28.000',1,15.0);
[ 1	]
#select * from tmp_aggregate;
% sys.tmp_aggregate,	sys.tmp_aggregate # table_name
% tmp_total,	tmp_count # name
% decimal,	decimal # type
% 10,	10 # length
[ 144.00,	12.00	]
#drop procedure cq_collector;
#drop table stmp10;
#drop table tmp_aggregate;

# 13:01:25 >  
# 13:01:25 >  "Done."
# 13:01:25 >  

