stdout of test 'cquery20` in directory 'sql/backends/monet5` itself:


# 11:09:21 >  
# 11:09:21 >  "/usr/bin/python2" "cquery20.py" "cquery20"
# 11:09:21 >  

#create temporary stream table sta (a int);select count(*) from streams;create stream table stb (a int);select count(*) from streams;
#create temporary stream table sta (a int);select count(*) from streams;create stream table stb (a int);select count(*) from streams;
% .%6 # table_name
% %6 # name
% bigint # type
% 1 # length
[ 1	]
#create temporary stream table sta (a int);select count(*) from streams;create stream table stb (a int);select count(*) from streams;
#create temporary stream table sta (a int);select count(*) from streams;create stream table stb (a int);select count(*) from streams;
% .%6 # table_name
% %6 # name
% bigint # type
% 1 # length
[ 2	]
#select count(*) from streams;
% .%6 # table_name
% %6 # name
% bigint # type
% 1 # length
[ 1	]
# MonetDB 5 server v11.28.0
# This is an unreleased version
# Serving database 'mTests_sql_backends_monet5', using 8 threads
# Compiled for x86_64-pc-linux-gnu/64bit with 128bit integers
# Found 15.498 GiB available main-memory.
# Copyright (c) 1993-July 2008 CWI.
# Copyright (c) August 2008-2017 MonetDB B.V., all rights reserved
# Visit https://www.monetdb.org/ for further information
# Listening for connection requests on mapi:monetdb://dhcp-120.eduroam.cwi.nl:38287/
# Listening for UNIX domain connection requests on mapi:monetdb:///var/tmp/mtest-31962/.s.monetdb.38287
# MonetDB/GIS module loaded
# MonetDB/SQL module loaded
# MonetDB/Timetrails module loaded
# SQL catalog created, loading sql scripts once
# loading sql script: 09_like.sql
# loading sql script: 10_math.sql
# loading sql script: 11_times.sql
# loading sql script: 12_url.sql
# loading sql script: 13_date.sql
# loading sql script: 14_inet.sql
# loading sql script: 15_querylog.sql
# loading sql script: 16_tracelog.sql
# loading sql script: 17_temporal.sql
# loading sql script: 18_index.sql
# loading sql script: 20_vacuum.sql
# loading sql script: 21_dependency_functions.sql
# loading sql script: 22_clients.sql
# loading sql script: 23_skyserver.sql
# loading sql script: 25_debug.sql
# loading sql script: 26_sysmon.sql
# loading sql script: 27_rejects.sql
# loading sql script: 39_analytics.sql
# loading sql script: 39_analytics_hge.sql
# loading sql script: 40_geom.sql
# loading sql script: 40_json.sql
# loading sql script: 40_json_hge.sql
# loading sql script: 41_md5sum.sql
# loading sql script: 45_uuid.sql
# loading sql script: 46_profiler.sql
# loading sql script: 50_cquery.sql
# loading sql script: 51_sys_schema_extension.sql
# loading sql script: 60_wlcr.sql
# loading sql script: 72_fits.sql
# loading sql script: 74_netcdf.sql
# loading sql script: 75_lidar.sql
# loading sql script: 75_shp.sql
# loading sql script: 75_storagemodel.sql
# loading sql script: 80_statistics.sql
# loading sql script: 80_udf.sql
# loading sql script: 80_udf_hge.sql
# loading sql script: 85_bam.sql
# loading sql script: 90_generator.sql
# loading sql script: 90_generator_hge.sql
# loading sql script: 99_system.sql
#select count(*) from streams;drop table stb;select count(*) from streams;
% .%6 # table_name
% %6 # name
% bigint # type
% 1 # length
[ 1	]
#select count(*) from streams;drop table stb;select count(*) from streams;
#select count(*) from streams;drop table stb;select count(*) from streams;
% .%6 # table_name
% %6 # name
% bigint # type
% 1 # length
[ 0	]
# MonetDB 5 server v11.28.0
# This is an unreleased version
# Serving database 'mTests_sql_backends_monet5', using 8 threads
# Compiled for x86_64-pc-linux-gnu/64bit with 128bit integers
# Found 15.498 GiB available main-memory.
# Copyright (c) 1993-July 2008 CWI.
# Copyright (c) August 2008-2017 MonetDB B.V., all rights reserved
# Visit https://www.monetdb.org/ for further information
# Listening for connection requests on mapi:monetdb://dhcp-120.eduroam.cwi.nl:38287/
# Listening for UNIX domain connection requests on mapi:monetdb:///var/tmp/mtest-31962/.s.monetdb.38287
# MonetDB/GIS module loaded
# MonetDB/SQL module loaded
# MonetDB/Timetrails module loaded

# 11:09:23 >  
# 11:09:23 >  "Done."
# 11:09:23 >  

