stdout of test 'cquery00` in directory 'sql/backends/monet5` itself:


# 22:52:08 >  
# 22:52:08 >  "mserver5" "--debug=10" "--set" "gdk_nr_threads=0" "--set" "mapi_open=true" "--set" "mapi_port=34092" "--set" "mapi_usock=/var/tmp/mtest-29156/.s.monetdb.34092" "--set" "monet_prompt=" "--forcemito" "--dbpath=/export/scratch1/mk/trails//Linux/var/MonetDB/mTests_sql_backends_monet5"
# 22:52:08 >  

# MonetDB 5 server v11.28.0
# This is an unreleased version
# Serving database 'mTests_sql_backends_monet5', using 8 threads
# Compiled for x86_64-unknown-linux-gnu/64bit with 128bit integers
# Found 15.588 GiB available main-memory.
# Copyright (c) 1993-July 2008 CWI.
# Copyright (c) August 2008-2017 MonetDB B.V., all rights reserved
# Visit https://www.monetdb.org/ for further information
# Listening for connection requests on mapi:monetdb://vienna.da.cwi.nl:34092/
# Listening for UNIX domain connection requests on mapi:monetdb:///var/tmp/mtest-29156/.s.monetdb.34092
# MonetDB/GIS module loaded
# MonetDB/SQL module loaded
# MonetDB/Timetrails module loaded

# 13:58:26 >  
# 13:58:26 >  "mclient" "-lsql" "-ftest" "-tnone" "-Eutf-8" "-i" "-e" "--host=/var/tmp/mtest-226907" "--port=30092"
# 13:58:26 >  

# 22:52:08 >  
# 22:52:08 >  "mclient" "-lsql" "-ftest" "-Eutf-8" "-i" "-e" "--host=/var/tmp/mtest-29156" "--port=34092"
# 22:52:08 >  

#create stream table testing (a int);
#insert into testing values(123);
[ 1	]
#create table results (a int);
#create procedure myproc()
#begin 
#	insert into results select a from sys.testing; 
#END;
#select * from cqresults00;
% sys.cqresults00 # table_name
% a # name
% int # type
% 3 # length
[ 123	]
#drop procedure myproc;
#drop table results;
#drop table testing;

# 22:52:08 >  
# 22:52:08 >  "Done."
# 22:52:08 >  

