stdout of test 'cquery21` in directory 'sql/backends/monet5` itself:


# 15:39:03 >  
# 15:39:03 >  "mserver5" "--debug=10" "--set" "gdk_nr_threads=0" "--set" "mapi_open=true" "--set" "mapi_port=35602" "--set" "mapi_usock=/var/tmp/mtest-4457/.s.monetdb.35602" "--set" "monet_prompt=" "--forcemito" "--dbpath=/home/ferreira/repositories/MonetDB-trails/BUILD/var/MonetDB/mTests_sql_backends_monet5"
# 15:39:03 >  

# MonetDB 5 server v11.28.0
# This is an unreleased version
# Serving database 'mTests_sql_backends_monet5', using 8 threads
# Compiled for x86_64-pc-linux-gnu/64bit with 128bit integers
# Found 15.498 GiB available main-memory.
# Copyright (c) 1993-July 2008 CWI.
# Copyright (c) August 2008-2017 MonetDB B.V., all rights reserved
# Visit https://www.monetdb.org/ for further information
# Listening for connection requests on mapi:monetdb://localhost.localdomain:35602/
# Listening for UNIX domain connection requests on mapi:monetdb:///var/tmp/mtest-4457/.s.monetdb.35602
# MonetDB/GIS module loaded
# SQL catalog created, loading sql scripts once
# loading sql script: 09_like.sql
# loading sql script: 10_math.sql
# loading sql script: 11_times.sql
# loading sql script: 12_url.sql
# loading sql script: 13_date.sql
# loading sql script: 14_inet.sql
# loading sql script: 15_querylog.sql
# loading sql script: 16_tracelog.sql
# loading sql script: 17_temporal.sql
# loading sql script: 18_index.sql
# loading sql script: 20_vacuum.sql
# loading sql script: 21_dependency_functions.sql
# loading sql script: 22_clients.sql
# loading sql script: 23_skyserver.sql
# loading sql script: 25_debug.sql
# loading sql script: 26_sysmon.sql
# loading sql script: 27_rejects.sql
# loading sql script: 39_analytics.sql
# loading sql script: 39_analytics_hge.sql
# loading sql script: 40_geom.sql
# loading sql script: 40_json.sql
# loading sql script: 40_json_hge.sql
# loading sql script: 41_md5sum.sql
# loading sql script: 45_uuid.sql
# loading sql script: 46_profiler.sql
# loading sql script: 50_cquery.sql
# loading sql script: 51_sys_schema_extension.sql
# loading sql script: 60_wlcr.sql
# loading sql script: 75_storagemodel.sql
# loading sql script: 80_statistics.sql
# loading sql script: 80_udf.sql
# loading sql script: 80_udf_hge.sql
# loading sql script: 90_generator.sql
# loading sql script: 90_generator_hge.sql
# loading sql script: 99_system.sql

# 15:39:03 >  
# 15:39:03 >  "mclient" "-lsql" "-ftest" "-Eutf-8" "-i" "-e" "--host=/var/tmp/mtest-4457" "--port=35602"
# 15:39:03 >  

#create stream table cqinput21(input integer) set window 2 stride 1;
#create stream table cqinput21(input integer) set window 2 stride 1;
#create table cqresult21(output real);
#create table cqresult21(output real);
#create procedure cq_basic21()
#begin
#	insert into cqresult21 (select avg(input) from cqinput21);
#end;
#create procedure cq_basic21()
#begin
#	insert into cqresult21 (select avg(input) from cqinput21);
#end;
#start continuous procedure cq_basic21() with cycles 2 as myname;
#start continuous procedure cq_basic21() with cycles 2 as myname;
#insert into cqinput21 values (10);
[ 1	]
#select input from cqinput21; --should not tumble
% sys.cqinput21 # table_name
% input # name
% int # type
% 2 # length
[ 10	]
#select output from cqresult21; --nothing
% sys.cqresult21 # table_name
% output # name
% real # type
% 15 # length
#insert into cqinput21 values (20);
[ 1	]
#select input from cqinput21;
% sys.cqinput21 # table_name
% input # name
% int # type
% 2 # length
[ 20	]
#select output from cqresult21; --15
% sys.cqresult21 # table_name
% output # name
% real # type
% 15 # length
[ 15	]
#insert into cqinput21 values (30);
[ 1	]
#select input from cqinput21;
% sys.cqinput21 # table_name
% input # name
% int # type
% 2 # length
[ 30	]
#select output from cqresult21; --25
% sys.cqresult21 # table_name
% output # name
% real # type
% 15 # length
[ 15	]
[ 25	]
#insert into cqinput21 values (40);
[ 1	]
#select input from cqinput21;
% sys.cqinput21 # table_name
% input # name
% int # type
% 2 # length
[ 30	]
[ 40	]
#select output from cqresult21; --15, 25
% sys.cqresult21 # table_name
% output # name
% real # type
% 15 # length
[ 15	]
[ 25	]
#drop procedure cq_basic21;
#drop procedure cq_basic21;
#drop table cqinput21;
#drop table cqinput21;
#drop table cqresult21;
#drop table cqresult21;

# 15:39:11 >  
# 15:39:11 >  "Done."
# 15:39:11 >  

