stdout of test 'cquery09` in directory 'sql/backends/monet5` itself:


# 16:43:39 >  
# 16:43:39 >  "mserver5" "--debug=10" "--set" "gdk_nr_threads=0" "--set" "mapi_open=true" "--set" "mapi_port=35695" "--set" "mapi_usock=/var/tmp/mtest-4922/.s.monetdb.35695" "--set" "monet_prompt=" "--forcemito" "--dbpath=/home/ferreira/MonetDB-trails/BUILD/var/MonetDB/mTests_sql_backends_monet5"
# 16:43:39 >  

# MonetDB 5 server v11.28.0
# This is an unreleased version
# Serving database 'mTests_sql_backends_monet5', using 8 threads
# Compiled for x86_64-pc-linux-gnu/64bit with 128bit integers
# Found 15.499 GiB available main-memory.
# Copyright (c) 1993-July 2008 CWI.
# Copyright (c) August 2008-2017 MonetDB B.V., all rights reserved
# Visit https://www.monetdb.org/ for further information
# Listening for connection requests on mapi:monetdb://dhcp-120.eduroam.cwi.nl:35695/
# Listening for UNIX domain connection requests on mapi:monetdb:///var/tmp/mtest-4922/.s.monetdb.35695
# MonetDB/GIS module loaded
# MonetDB/SQL module loaded
# MonetDB/Timetrails module loaded

# 14:05:37 >  
# 14:05:37 >  "mclient" "-lsql" "-ftest" "-tnone" "-Eutf-8" "-i" "-e" "--host=/var/tmp/mtest-243009" "--port=38929"
# 14:05:37 >  

#create stream table result9(i integer);
#create procedure cq_c(inputA int)
#begin
#	insert into sys.result9 values (inputA);
#end;
#drop procedure cq_c;
#drop table result9; --no error

# 16:43:44 >  
# 16:43:44 >  "Done."
# 16:43:44 >  

