stdout of test 'cquery03` in directory 'sql/backends/monet5` itself:


# 14:15:07 >  
# 14:15:07 >  "mserver5" "--debug=10" "--set" "gdk_nr_threads=0" "--set" "mapi_open=true" "--set" "mapi_port=32676" "--set" "mapi_usock=/var/tmp/mtest-10355/.s.monetdb.32676" "--set" "monet_prompt=" "--forcemito" "--dbpath=/home/ferreira/MonetDB-trails/BUILD/var/MonetDB/mTests_sql_backends_monet5"
# 14:15:07 >  

# MonetDB 5 server v11.28.0
# This is an unreleased version
# Serving database 'mTests_sql_backends_monet5', using 8 threads
# Compiled for x86_64-pc-linux-gnu/64bit with 128bit integers
# Found 15.498 GiB available main-memory.
# Copyright (c) 1993-July 2008 CWI.
# Copyright (c) August 2008-2017 MonetDB B.V., all rights reserved
# Visit https://www.monetdb.org/ for further information
# Listening for connection requests on mapi:monetdb://dhcp-120.eduroam.cwi.nl:32676/
# Listening for UNIX domain connection requests on mapi:monetdb:///var/tmp/mtest-10355/.s.monetdb.32676
# MonetDB/GIS module loaded
# MonetDB/SQL module loaded
# MonetDB/Timetrails module loaded

# 11:30:05 >  
# 11:30:05 >  "mclient" "-lsql" "-ftest" "-tnone" "-Eutf-8" "-i" "-e" "--host=/var/tmp/mtest-129719" "--port=34076"
# 11:30:05 >  

#create stream table cqtbl(i integer);
#create procedure cqfoo(v integer)
#begin
#	insert into cqtbl values(v);
#end;
#select * from cqtbl;
% sys.cqtbl # table_name
% i # name
% int # type
% 3 # length
[ 123	]
#select * from cqtbl;
% sys.cqtbl # table_name
% i # name
% int # type
% 3 # length
[ 123	]
[ 321	]
#drop procedure cqfoo;
#drop table cqtbl;

# 14:15:08 >  
# 14:15:08 >  "Done."
# 14:15:08 >  

