stdout of test 'cquery04` in directory 'sql/backends/monet5` itself:


# 14:09:13 >  
# 14:09:13 >  "mserver5" "--debug=10" "--set" "gdk_nr_threads=0" "--set" "mapi_open=true" "--set" "mapi_port=31081" "--set" "mapi_usock=/var/tmp/mtest-8493/.s.monetdb.31081" "--set" "monet_prompt=" "--forcemito" "--dbpath=/home/ferreira/MonetDB-trails/BUILD/var/MonetDB/mTests_sql_backends_monet5"
# 14:09:13 >  

# MonetDB 5 server v11.28.0
# This is an unreleased version
# Serving database 'mTests_sql_backends_monet5', using 8 threads
# Compiled for x86_64-pc-linux-gnu/64bit with 128bit integers
# Found 15.498 GiB available main-memory.
# Copyright (c) 1993-July 2008 CWI.
# Copyright (c) August 2008-2017 MonetDB B.V., all rights reserved
# Visit https://www.monetdb.org/ for further information
# Listening for connection requests on mapi:monetdb://dhcp-120.eduroam.cwi.nl:31081/
# Listening for UNIX domain connection requests on mapi:monetdb:///var/tmp/mtest-8493/.s.monetdb.31081
# MonetDB/GIS module loaded
# SQL catalog created, loading sql scripts once
# loading sql script: 09_like.sql
# loading sql script: 10_math.sql
# loading sql script: 11_times.sql
# loading sql script: 12_url.sql
# loading sql script: 13_date.sql
# loading sql script: 14_inet.sql
# loading sql script: 15_querylog.sql
# loading sql script: 16_tracelog.sql
# loading sql script: 17_temporal.sql
# loading sql script: 18_index.sql
# loading sql script: 20_vacuum.sql
# loading sql script: 21_dependency_functions.sql
# loading sql script: 22_clients.sql
# loading sql script: 23_skyserver.sql
# loading sql script: 25_debug.sql
# loading sql script: 26_sysmon.sql
# loading sql script: 27_rejects.sql
# loading sql script: 39_analytics.sql
# loading sql script: 39_analytics_hge.sql
# loading sql script: 40_geom.sql
# loading sql script: 40_json.sql
# loading sql script: 40_json_hge.sql
# loading sql script: 41_md5sum.sql
# loading sql script: 45_uuid.sql
# loading sql script: 46_profiler.sql
# loading sql script: 50_cquery.sql
# loading sql script: 51_sys_schema_extension.sql
# loading sql script: 60_wlcr.sql
# loading sql script: 72_fits.sql
# loading sql script: 74_netcdf.sql
# loading sql script: 75_shp.sql
# loading sql script: 75_storagemodel.sql
# loading sql script: 80_statistics.sql
# loading sql script: 80_udf.sql
# loading sql script: 80_udf_hge.sql
# loading sql script: 85_bam.sql
# loading sql script: 90_generator.sql
# loading sql script: 90_generator_hge.sql
# loading sql script: 99_system.sql

# 14:09:13 >  
# 14:09:13 >  "mclient" "-lsql" "-ftest" "-Eutf-8" "-i" "-e" "--host=/var/tmp/mtest-8493" "--port=31081"
# 14:09:13 >  

#create stream table cqinput06(i integer) set window 2 stride all;
#create table cqresult06(i integer);
#create procedure cq_basic06()
#begin
#	insert into cqresult06 (select count(*) from cqinput06);
#end;
#insert into cqinput06 values (1), (2);
[ 2	]
#insert into cqinput06 values (3), (4);
[ 2	]
#select aaa from cqresult04; --output 2 tuples with value 2
% sys.cqresult04 # table_name
% aaa # name
% int # type
% 1 # length
[ 2	]
[ 2	]
#insert into cqinput04 values (5);
[ 1	]
#select aaa from cqresult04; --output 2 tuples with value 2
% sys.cqresult04 # table_name
% aaa # name
% int # type
% 1 # length
[ 2	]
[ 2	]
#insert into cqinput04 values (6);
[ 1	]
#select aaa from cqresult04; --output 3 tuples with value 2
% sys.cqresult04 # table_name
% aaa # name
% int # type
% 1 # length
[ 2	]
[ 2	]
[ 2	]
#stop continuous cq_basic04;
#drop procedure cq_basic04;
#drop table cqinput04;
#drop table cqresult04;

# 14:09:24 >  
# 14:09:24 >  "Done."
# 14:09:24 >  

