stdout of test 'cquery16` in directory 'sql/backends/monet5` itself:


# 15:37:36 >  
# 15:37:36 >  "mserver5" "--debug=10" "--set" "gdk_nr_threads=0" "--set" "mapi_open=true" "--set" "mapi_port=37794" "--set" "mapi_usock=/var/tmp/mtest-25778/.s.monetdb.37794" "--set" "monet_prompt=" "--forcemito" "--dbpath=/home/ferreira/MonetDB-trails/BUILD/var/MonetDB/mTests_sql_backends_monet5" "--set" "embedded_r=yes" "--set" "embedded_py=true"
# 15:37:36 >  

# MonetDB 5 server v11.28.0
# This is an unreleased version
# Serving database 'mTests_sql_backends_monet5', using 8 threads
# Compiled for x86_64-pc-linux-gnu/64bit with 128bit integers
# Found 15.498 GiB available main-memory.
# Copyright (c) 1993-July 2008 CWI.
# Copyright (c) August 2008-2017 MonetDB B.V., all rights reserved
# Visit https://www.monetdb.org/ for further information
# Listening for connection requests on mapi:monetdb://dhcp-120.eduroam.cwi.nl:37794/
# Listening for UNIX domain connection requests on mapi:monetdb:///var/tmp/mtest-25778/.s.monetdb.37794
# MonetDB/GIS module loaded
# MonetDB/SQL module loaded
# MonetDB/Timetrails module loaded
# MonetDB/Python2 module loaded
# MonetDB/R   module loaded

# 14:07:56 >  
# 14:07:56 >  "mclient" "-lsql" "-ftest" "-tnone" "-Eutf-8" "-i" "-e" "--host=/var/tmp/mtest-244726" "--port=32392"
# 14:07:56 >  

#create stream table testing16 (a int) set window 1;
#create table results16 (a int);
#create procedure cq_query16a()
#begin
#	insert into results16 (select * from testing16);
#end;
#insert into testing16 values (1);
[ 1	]
#drop procedure sys.cq_query16a;
#drop table testing16;
#drop table results16;

# 15:37:38 >  
# 15:37:38 >  "Done."
# 15:37:38 >  

