stdout of test 'cquery15` in directory 'sql/backends/monet5` itself:


# 17:45:14 >  
# 17:45:14 >  "mserver5" "--debug=10" "--set" "gdk_nr_threads=0" "--set" "mapi_open=true" "--set" "mapi_port=31830" "--set" "mapi_usock=/var/tmp/mtest-13813/.s.monetdb.31830" "--set" "monet_prompt=" "--forcemito" "--dbpath=/home/ferreira/MonetDB-trails/BUILD/var/MonetDB/mTests_sql_backends_monet5"
# 17:45:14 >  

# MonetDB 5 server v11.28.0
# This is an unreleased version
# Serving database 'mTests_sql_backends_monet5', using 8 threads
# Compiled for x86_64-pc-linux-gnu/64bit with 128bit integers
# Found 15.498 GiB available main-memory.
# Copyright (c) 1993-July 2008 CWI.
# Copyright (c) August 2008-2017 MonetDB B.V., all rights reserved
# Visit https://www.monetdb.org/ for further information
# Listening for connection requests on mapi:monetdb://gup-128-81.cwi.nl:31830/
# Listening for UNIX domain connection requests on mapi:monetdb:///var/tmp/mtest-13813/.s.monetdb.31830
# MonetDB/GIS module loaded
# MonetDB/SQL module loaded
# MonetDB/Timetrails module loaded

# 14:07:55 >  
# 14:07:55 >  "mclient" "-lsql" "-ftest" "-tnone" "-Eutf-8" "-i" "-e" "--host=/var/tmp/mtest-244726" "--port=32392"
# 14:07:55 >  

#create table cqresult15(i integer);
#create procedure cq_basic15(val int)
#begin
#	insert into cqresult15 values (val);
#end;
#stop continuous one_alias;
#stop continuous one_aliasother;
#drop procedure cq_basic15;
#drop table cqresult15;

# 17:45:15 >  
# 17:45:15 >  "Done."
# 17:45:15 >  

