stdout of test 'cquery19` in directory 'sql/backends/monet5` itself:


# 16:20:37 >  
# 16:20:37 >  "mserver5" "--debug=10" "--set" "gdk_nr_threads=0" "--set" "mapi_open=true" "--set" "mapi_port=31249" "--set" "mapi_usock=/var/tmp/mtest-17272/.s.monetdb.31249" "--set" "monet_prompt=" "--forcemito" "--dbpath=/home/ferreira/MonetDB-trails/BUILD/var/MonetDB/mTests_sql_backends_monet5"
# 16:20:37 >  

# MonetDB 5 server v11.28.0
# This is an unreleased version
# Serving database 'mTests_sql_backends_monet5', using 8 threads
# Compiled for x86_64-pc-linux-gnu/64bit with 128bit integers
# Found 15.498 GiB available main-memory.
# Copyright (c) 1993-July 2008 CWI.
# Copyright (c) August 2008-2017 MonetDB B.V., all rights reserved
# Visit https://www.monetdb.org/ for further information
# Listening for connection requests on mapi:monetdb://dhcp-120.eduroam.cwi.nl:31249/
# Listening for UNIX domain connection requests on mapi:monetdb:///var/tmp/mtest-17272/.s.monetdb.31249
# MonetDB/GIS module loaded
# MonetDB/SQL module loaded
# MonetDB/Timetrails module loaded

# 14:08:12 >  
# 14:08:12 >  "mclient" "-lsql" "-ftest" "-tnone" "-Eutf-8" "-i" "-e" "--host=/var/tmp/mtest-244726" "--port=32392"
# 14:08:12 >  

#create temporary stream table testing19 (aa int, b clob) set window 1;
#create table results19(aaa int);
#create procedure cq_query19a()
#begin
#	insert into results19 (select count(aa) from testing19);
#end;
#create procedure cq_query19b()
#begin
#	insert into results19 (select sum(aa) from testing19);
#end;
#start continuous procedure cq_query19a() with cycles 1;
#insert into testing19 values (1, '1');
[ 1	]
#select aaa from results19; --output 1
% sys.results19 # table_name
% aaa # name
% int # type
% 1 # length
[ 1	]
#alter stream table testing19 set window 2;
#insert into testing19 values (2, '2'), (3, '3'), (4, '4');
[ 3	]
#select aaa from results19; --output 1
% sys.results19 # table_name
% aaa # name
% int # type
% 1 # length
[ 1	]
#start continuous procedure cq_query19b() with cycles 2;
#select aaa from results19; --output 1, 5
% sys.results19 # table_name
% aaa # name
% int # type
% 1 # length
[ 1	]
[ 5	]
#insert into testing19 values (5, '5');
[ 1	]
#select aaa from results19; --output 1, 5, 9
% sys.results19 # table_name
% aaa # name
% int # type
% 1 # length
[ 1	]
[ 5	]
[ 9	]
#drop procedure cq_query19a;
#drop procedure cq_query19b;
#drop table testing19;
#drop table results19;

# 16:20:42 >  
# 16:20:42 >  "Done."
# 16:20:42 >  

