stdout of test 'factory01` in directory 'sql/backends/monet5` itself:


# 11:49:41 >  
# 11:49:41 >  "mserver5" "--debug=10" "--set" "gdk_nr_threads=0" "--set" "mapi_open=true" "--set" "mapi_port=31223" "--set" "mapi_usock=/var/tmp/mtest-12722/.s.monetdb.31223" "--set" "monet_prompt=" "--forcemito" "--dbpath=/home/ferreira/MonetDB-trails/BUILD/var/MonetDB/mTests_sql_backends_monet5"
# 11:49:41 >  

# MonetDB 5 server v11.28.0
# This is an unreleased version
# Serving database 'mTests_sql_backends_monet5', using 8 threads
# Compiled for x86_64-pc-linux-gnu/64bit with 128bit integers
# Found 15.498 GiB available main-memory.
# Copyright (c) 1993-July 2008 CWI.
# Copyright (c) August 2008-2017 MonetDB B.V., all rights reserved
# Visit https://www.monetdb.org/ for further information
# Listening for connection requests on mapi:monetdb://dhcp-120.eduroam.cwi.nl:31223/
# Listening for UNIX domain connection requests on mapi:monetdb:///var/tmp/mtest-12722/.s.monetdb.31223
# MonetDB/GIS module loaded
# MonetDB/SQL module loaded
# MonetDB/Timetrails module loaded

# 15:57:01 >  
# 15:57:01 >  "mclient" "-lsql" "-ftest" "-tnone" "-Eutf-8" "-i" "-e" "--host=/var/tmp/mtest-281915" "--port=38142"
# 15:57:01 >  

#CREATE FUNCTION factory01() RETURNS INT BEGIN
#    DECLARE a INT;
#    SET a = 1;
#    YIELD a;
#    SET a = a + 1;
#    YIELD a;
#    SET a = a + 1;
#    YIELD a;
#END;
#SELECT factory01();
% . # table_name
% %1 # name
% int # type
% 1 # length
[ 1	]
#SELECT factory01();
% . # table_name
% %1 # name
% int # type
% 1 # length
[ 2	]
#SELECT factory01();
% . # table_name
% %1 # name
% int # type
% 1 # length
[ 3	]
#DROP FUNCTION factory01;

# 11:49:41 >  
# 11:49:41 >  "Done."
# 11:49:41 >  

