stdout of test 'factory00` in directory 'sql/backends/monet5` itself:


# 14:39:52 >  
# 14:39:52 >  "mserver5" "--debug=10" "--set" "gdk_nr_threads=0" "--set" "mapi_open=true" "--set" "mapi_port=37491" "--set" "mapi_usock=/var/tmp/mtest-14113/.s.monetdb.37491" "--set" "monet_prompt=" "--forcemito" "--dbpath=/home/ferreira/MonetDB-trails/BUILD/var/MonetDB/mTests_sql_backends_monet5"
# 14:39:52 >  

# MonetDB 5 server v11.28.0
# This is an unreleased version
# Serving database 'mTests_sql_backends_monet5', using 8 threads
# Compiled for x86_64-pc-linux-gnu/64bit with 128bit integers
# Found 15.499 GiB available main-memory.
# Copyright (c) 1993-July 2008 CWI.
# Copyright (c) August 2008-2017 MonetDB B.V., all rights reserved
# Visit https://www.monetdb.org/ for further information
# Listening for connection requests on mapi:monetdb://dhcp-120.eduroam.cwi.nl:37491/
# Listening for UNIX domain connection requests on mapi:monetdb:///var/tmp/mtest-14113/.s.monetdb.37491
# MonetDB/GIS module loaded
# MonetDB/SQL module loaded
# MonetDB/Timetrails module loaded

# 15:57:01 >  
# 15:57:01 >  "mclient" "-lsql" "-ftest" "-tnone" "-Eutf-8" "-i" "-e" "--host=/var/tmp/mtest-281915" "--port=38142"
# 15:57:01 >  

# 14:39:52 >  
# 14:39:52 >  "mclient" "-lsql" "-ftest" "-Eutf-8" "-i" "-e" "--host=/var/tmp/mtest-14113" "--port=37491"
# 14:39:52 >  

#CREATE FUNCTION factory1() RETURNS INT BEGIN
#    YIELD 1;
#    YIELD 2;
#    YIELD 3;
#END;
#SELECT factory00();
% . # table_name
% %1 # name
% int # type
% 1 # length
[ 1	]
#SELECT factory00();
% . # table_name
% %1 # name
% int # type
% 1 # length
[ 2	]
#SELECT factory00();
% . # table_name
% %1 # name
% int # type
% 1 # length
[ 3	]
#DROP FUNCTION factory00;

# 14:39:53 >  
# 14:39:53 >  "Done."
# 14:39:53 >  

