stdout of test 'factory15` in directory 'sql/backends/monet5` itself:


# 16:32:25 >  
# 16:32:25 >  "mserver5" "--debug=10" "--set" "gdk_nr_threads=0" "--set" "mapi_open=true" "--set" "mapi_port=35680" "--set" "mapi_usock=/var/tmp/mtest-1877/.s.monetdb.35680" "--set" "monet_prompt=" "--forcemito" "--dbpath=/home/ferreira/MonetDB-trails/BUILD/var/MonetDB/mTests_sql_backends_monet5"
# 16:32:25 >  

# MonetDB 5 server v11.28.0
# This is an unreleased version
# Serving database 'mTests_sql_backends_monet5', using 8 threads
# Compiled for x86_64-pc-linux-gnu/64bit with 128bit integers
# Found 15.498 GiB available main-memory.
# Copyright (c) 1993-July 2008 CWI.
# Copyright (c) August 2008-2017 MonetDB B.V., all rights reserved
# Visit https://www.monetdb.org/ for further information
# Listening for connection requests on mapi:monetdb://dhcp-120.eduroam.cwi.nl:35680/
# Listening for UNIX domain connection requests on mapi:monetdb:///var/tmp/mtest-1877/.s.monetdb.35680
# MonetDB/GIS module loaded
# MonetDB/SQL module loaded
# MonetDB/Timetrails module loaded

# 16:00:13 >  
# 16:00:13 >  "mclient" "-lsql" "-ftest" "-tnone" "-Eutf-8" "-i" "-e" "--host=/var/tmp/mtest-283462" "--port=33837"
# 16:00:13 >  

#CREATE FUNCTION regfunction15(aa INT) RETURNS TABLE (aa INT) BEGIN
#    RETURN TABLE (SELECT aa);
#END;
#SELECT aa FROM regfunction15(NULL);
% .%2 # table_name
% aa # name
% int # type
% 1 # length
[ NULL	]
#SELECT aa FROM regfunction15(1);
% .%2 # table_name
% aa # name
% int # type
% 1 # length
[ 1	]
#SELECT aa FROM regfunction15(2);
% .%2 # table_name
% aa # name
% int # type
% 1 # length
[ 2	]
#SELECT aa FROM regfunction15(3);
% .%2 # table_name
% aa # name
% int # type
% 1 # length
[ 3	]
#CREATE FUNCTION factory15(aa INT) RETURNS TABLE (aa INT) BEGIN
#    WHILE TRUE DO
#        YIELD TABLE (SELECT NULL);
#        YIELD TABLE (SELECT aa);
#        YIELD TABLE (SELECT aa + 1);
#        YIELD TABLE (SELECT aa + 2);
#    END WHILE;
#END;
#SELECT aa FROM factory15(1);
% .%2 # table_name
% aa # name
% int # type
% 1 # length
[ NULL	]
#SELECT aa FROM factory15(1);
% .%2 # table_name
% aa # name
% int # type
% 1 # length
[ 1	]
#SELECT aa FROM factory15(1);
% .%2 # table_name
% aa # name
% int # type
% 1 # length
[ 2	]
#SELECT aa FROM factory15(1);
% .%2 # table_name
% aa # name
% int # type
% 1 # length
[ 3	]
#DROP FUNCTION regfunction15;
#DROP FUNCTION factory15;

# 16:32:26 >  
# 16:32:26 >  "Done."
# 16:32:26 >  

