stdout of test 'mclient-uri` in directory 'clients` itself:

