stdout of test 'trace` in directory 'sql/test` itself:


# 12:44:31 >  
# 12:44:31 >  "mserver5" "--debug=10" "--set" "gdk_nr_threads=0" "--set" "mapi_open=true" "--set" "mapi_port=33160" "--set" "mapi_usock=/var/tmp/mtest-9889/.s.monetdb.33160" "--set" "monet_prompt=" "--forcemito" "--dbpath=/export/scratch1/dinther/INSTALL/var/MonetDB/mTests_sql_test" "--set" "embedded_r=yes" "--set" "embedded_py=2" "--set" "embedded_c=true"
# 12:44:31 >  

# MonetDB 5 server v11.34.0 (hg id: 8a60f0f74a17+)
# This is an unreleased version
# Serving database 'mTests_sql_test', using 4 threads
# Compiled for x86_64-unknown-linux-gnu/64bit with 128bit integers
# Found 31.305 GiB available main-memory.
# Copyright (c) 1993 - July 2008 CWI.
# Copyright (c) August 2008 - 2019 MonetDB B.V., all rights reserved
# Visit https://www.monetdb.org/ for further information
# Listening for connection requests on mapi:monetdb://catskill.da.cwi.nl:33160/
# Listening for UNIX domain connection requests on mapi:monetdb:///var/tmp/mtest-9889/.s.monetdb.33160
# MonetDB/GIS module loaded
# MonetDB/SQL module loaded
# MonetDB/Python2 module loaded
# MonetDB/R   module loaded

# 12:44:32 >  
# 12:44:32 >  "mclient" "-lsql" "-ftest" "-tnone" "-Eutf-8" "-i" "-e" "--host=/var/tmp/mtest-9889" "--port=33160"
# 12:44:32 >  

#set optimizer='sequential_pipe';
#CREATE TABLE mytypes (id integer, systemname varchar(256));
#INSERT INTO mytypes VALUES (0, 'void'),(1,'bat'),(2,'ptr'),(3,'bit'),(4,'str'),(5,'str'),(6,'str'),(7,'oid'),(8,'bte'),(9,'sht'),
#(10,'int'),(11,'lng'),(13,'bte'),(14,'sht'),(15,'int'),(16,'lng'),(18,'flt'),(19,'dbl'),
#(20,'int'),(21,'lng'),(22,'daytime'),(23,'daytime'),(24,'date'),(25,'timestamp'),(26,'timestamp'),(27,'blob');
[ 26	]
#select '~BeginVariableOutput~';
% . # table_name
% single_value # name
% char # type
% 21 # length
[ "~BeginVariableOutput~"	]
#TRACE SELECT count(*) FROM mytypes;
% .%1 # table_name
% %1 # name
% bigint # type
% 2 # length
[ 26	]
#TRACE SELECT count(*) FROM mytypes;
% .trace,	.trace # table_name
% usec,	statement # name
% bigint,	clob # type
% 2,	106 # length
[ 1,	"X_1=0@0:void := querylog.define(\"trace select count(*) from mytypes;\":str, \"sequential_pipe\":str, 12:int);"	]
[ 0,	"X_4=0:int := sql.mvc();"	]
[ 1,	"C_5=<tmp_2513>[26]:bat[:oid] := sql.tid(X_4=0:int, \"sys\":str, \"mytypes\":str);"	]
[ 0,	"X_18=26:lng := aggr.count(C_5=<tmp_2513>[26]:bat[:oid]);"	]
[ 18,	"sql.resultSet(\".%1\":str, \"%1\":str, \"bigint\":str, 64:int, 0:int, 7:int, X_18=26:lng);"	]
#select '~EndVariableOutput~';
% . # table_name
% single_value # name
% char # type
% 19 # length
[ "~EndVariableOutput~"	]
#SELECT COUNT(*) FROM tracelog();
% .%2 # table_name
% %2 # name
% bigint # type
% 1 # length
[ 5	]
#DROP TABLE mytypes;

# 12:44:32 >  
# 12:44:32 >  "Done."
# 12:44:32 >  

