stdout of test 'sqlsmith.Bug-6219` in directory 'sql/test/BugTracker-2017` itself:


# 17:09:30 >  
# 17:09:30 >  "mserver5" "--debug=10" "--set" "gdk_nr_threads=0" "--set" "mapi_open=true" "--set" "mapi_port=31733" "--set" "mapi_usock=/var/tmp/mtest-20365/.s.monetdb.31733" "--set" "monet_prompt=" "--forcemito" "--dbpath=/home/niels/scratch/monetdb/Linux-x86_64/var/MonetDB/mTests_sql_test_BugTracker-2017"
# 17:09:30 >  

# MonetDB 5 server v11.26.0
# This is an unreleased version
# Serving database 'mTests_sql_test_BugTracker-2017', using 4 threads
# Compiled for x86_64-unknown-linux-gnu/64bit with 128bit integers
# Found 7.332 GiB available main-memory.
# Copyright (c) 1993-July 2008 CWI.
# Copyright (c) August 2008-2017 MonetDB B.V., all rights reserved
# Visit http://www.monetdb.org/ for further information
# Listening for connection requests on mapi:monetdb://localhost.nes.nl:31733/
# Listening for UNIX domain connection requests on mapi:monetdb:///var/tmp/mtest-20365/.s.monetdb.31733
# MonetDB/GIS module loaded
# MonetDB/SQL module loaded


#select  
#  subq_0.c1 as c0, 
#  subq_0.c2 as c1
#from 
#  (select  
#        ref_25.name as c0, 
#        (select sessiontimeout from sys.sessions)
#           as c1, 
#        63 as c2, 
#        ref_24.var_id as c3, 
#        ref_25.name as c4, 
#        (select sorted from sys.storage)
#           as c5
#      from 
#        sys.idxs as ref_23
#            inner join sys.netcdf_vardim as ref_24
#              left join sys.db_user_info as ref_25
#              on (ref_24.dimpos = ref_25.default_schema )
#            on (ref_23.id = ref_24.var_id )
% .L53,	.L54 # table_name
% c0,	c1 # name
% int,	tinyint # type
% 1,	1 # length


# 17:09:30 >  
# 17:09:30 >  "Done."
# 17:09:30 >  

