stdout of test 'sqlsmith.Bug-6477` in directory 'sql/test/BugTracker-2017` itself:


# 14:26:12 >  
# 14:26:12 >  "mserver5" "--debug=10" "--set" "gdk_nr_threads=0" "--set" "mapi_open=true" "--set" "mapi_port=39335" "--set" "mapi_usock=/var/tmp/mtest-23479/.s.monetdb.39335" "--set" "monet_prompt=" "--forcemito" "--dbpath=/home/niels/scratch/rc-monetdb/Linux-x86_64/var/MonetDB/mTests_sql_test_BugTracker-2017"
# 14:26:12 >  

# MonetDB 5 server v11.27.6
# This is an unreleased version
# Serving database 'mTests_sql_test_BugTracker-2017', using 4 threads
# Compiled for x86_64-unknown-linux-gnu/64bit with 128bit integers
# Found 7.330 GiB available main-memory.
# Copyright (c) 1993-July 2008 CWI.
# Copyright (c) August 2008-2017 MonetDB B.V., all rights reserved
# Visit https://www.monetdb.org/ for further information
# Listening for connection requests on mapi:monetdb://localhost.nes.nl:39335/
# Listening for UNIX domain connection requests on mapi:monetdb:///var/tmp/mtest-23479/.s.monetdb.39335
# MonetDB/GIS module loaded
# MonetDB/SQL module loaded


# 14:26:12 >  
# 14:26:12 >  "mclient" "-lsql" "-ftest" "-Eutf-8" "-i" "-e" "--host=/var/tmp/mtest-23479" "--port=39335"
# 14:26:12 >  

#select
#  cast(coalesce(ref_0.stop,
#    ref_0.stop) as timestamp) as c0,
#  ref_0.id as c1,
#  cast(coalesce(ref_0.cpu,
#    ref_0.io) as int) as c2,
#  ref_0.run as c3,
#  ref_0.stop as c4,
#  ref_0.cpu as c5,
#  case when cast(nullif(ref_0.tuples,
#        ref_0.tuples) as bigint) is not NULL then ref_0.io else ref_0.io end
#     as c6
#from
#  sys.querylog_calls as ref_0
#where cast(coalesce(ref_0.tuples,
#    case when EXISTS (
#        select
#            ref_1.id as c0
#          from
#            sys.args as ref_1
#              left join tmp.objects as ref_2
% .%31,	.%32,	.%33,	.%34,	.%35,	.%36,	.%37 # table_name
% c0,	c1,	c2,	c3,	c4,	c5,	c6 # name
% timestamp,	oid,	int,	bigint,	timestamp,	int,	int # type
% 26,	3,	1,	1,	26,	1,	1 # length

# 14:26:12 >  
# 14:26:12 >  "Done."
# 14:26:12 >  

