stdout of test 'session_init` in directory 'sql/test/mosaic` itself:


# 16:53:27 >  
# 16:53:27 >  "mserver5" "--debug=10" "--set" "gdk_nr_threads=0" "--set" "mapi_open=true" "--set" "mapi_port=39906" "--set" "mapi_usock=/var/tmp/mtest-27036/.s.monetdb.39906" "--set" "monet_prompt=" "--forcemito" "--set" "mal_listing=2" "--dbpath=/export/scratch1/mk/mosaic//Linux/var/MonetDB/mTests_sql_test_mosaic" "--set" "mal_listing=0" "--set" "embedded_r=yes"
# 16:53:27 >  

# MonetDB 5 server v11.22.0
# This is an unreleased version
# Serving database 'mTests_sql_test_mosaic', using 8 threads
# Compiled for x86_64-unknown-linux-gnu/64bit with 64bit OIDs and 128bit integers dynamically linked
# Found 15.590 GiB available main-memory.
# Copyright (c) 1993-July 2008 CWI.
# Copyright (c) August 2008-2015 MonetDB B.V., all rights reserved
# Visit http://www.monetdb.org/ for further information
# Listening for connection requests on mapi:monetdb://vienna.ins.cwi.nl:39906/
# Listening for UNIX domain connection requests on mapi:monetdb:///var/tmp/mtest-27036/.s.monetdb.39906
# MonetDB/GIS module loaded
# Start processing logs sql/sql_logs version 52200
# Start reading the write-ahead log 'sql_logs/sql/log.7'
# Finished reading the write-ahead log 'sql_logs/sql/log.7'
# Finished processing logs sql/sql_logs
# MonetDB/SQL module loaded
# MonetDB/R   module loaded

# 12:26:08 >  
# 12:26:08 >  "mclient" "-lsql" "-ftest" "-tnone" "-Eutf-8" "-i" "-e" "--host=/var/tmp/mtest-11941" "--port=39729"
# 12:26:08 >  

#set optimizer='mosaic_pipe';
#create table tmp3( i integer, b boolean, f real,t timestamp);
#insert into tmp3 values
#(1, true, 0.314,'2014-08-23 11:34:54.000000'),
#(1, true, 0.314,'2014-08-23 11:34:54.000000'),
#(1, true, 0.314,'2014-08-23 11:34:54.000000'),
#(1, true, 0.314,'2014-08-23 11:34:54.000000'),
#(1, true, 0.314,'2014-08-23 11:34:54.000000'),
#(1, true, 0.314,'2014-08-23 11:34:54.000000'),
#(1, true, 0.314,'2014-08-23 11:34:54.000000'),
#(1, true, 0.314,'2014-08-23 11:34:54.000000'),
#(1, true, 0.314,'2014-08-23 11:34:54.000000'),
#(1, true, 0.314,'2014-08-23 11:34:54.000000'),
#(1, true, 0.314,'2014-08-23 11:34:54.000000'),
[ 86	]
#alter table tmp3 set read only;
#select * from tmp3;
% sys.tmp3,	sys.tmp3,	sys.tmp3,	sys.tmp3 # table_name
% i,	b,	f,	t # name
% int,	boolean,	real,	timestamp # type
% 2,	5,	15,	26 # length
[ 1,	true,	0.314,	2014-08-23 11:34:54.000000	]
[ 1,	true,	0.314,	2014-08-23 11:34:54.000000	]
[ 1,	true,	0.314,	2014-08-23 11:34:54.000000	]
[ 1,	true,	0.314,	2014-08-23 11:34:54.000000	]
[ 1,	true,	0.314,	2014-08-23 11:34:54.000000	]
[ 1,	true,	0.314,	2014-08-23 11:34:54.000000	]
[ 1,	true,	0.314,	2014-08-23 11:34:54.000000	]
[ 1,	true,	0.314,	2014-08-23 11:34:54.000000	]
[ 1,	true,	0.314,	2014-08-23 11:34:54.000000	]
[ 1,	true,	0.314,	2014-08-23 11:34:54.000000	]
[ 1,	true,	0.314,	2014-08-23 11:34:54.000000	]
[ 1,	true,	0.314,	2014-08-23 11:34:54.000000	]
[ 1,	true,	0.314,	2014-08-23 11:34:54.000000	]
[ 1,	true,	0.314,	2014-08-23 11:34:54.000000	]
[ 1,	true,	0.314,	2014-08-23 11:34:54.000000	]
[ 2,	false,	0.314,	2014-08-23 11:34:54.000000	]
[ 3,	true,	0.314,	2014-08-23 11:34:54.000000	]
[ 2,	false,	0.314,	2014-08-23 11:34:54.000000	]
[ 3,	true,	0.314,	2014-08-23 11:34:54.000000	]
[ 2,	false,	0.314,	2014-08-23 11:34:54.000000	]
[ 3,	true,	0.314,	2014-08-23 11:34:54.000000	]
[ 4,	true,	0.316,	2014-08-23 11:34:54.000000	]
[ 4,	true,	0.316,	2014-08-23 11:34:54.000000	]
[ 4,	true,	0.316,	2014-08-23 11:34:54.000000	]
[ 4,	true,	0.316,	2014-08-23 11:34:54.000000	]
[ 4,	true,	0.316,	2014-08-23 11:34:54.000000	]
[ 4,	true,	0.316,	2014-08-23 11:34:54.000000	]
[ 4,	true,	0.316,	2014-08-23 11:34:54.000000	]
[ 4,	true,	0.316,	2014-08-23 11:34:54.000000	]
[ 4,	true,	0.316,	2014-08-23 11:34:54.000000	]
[ 4,	true,	0.316,	2014-08-23 11:34:54.000000	]
[ 4,	true,	0.316,	2014-08-23 11:34:54.000000	]
[ 4,	true,	0.316,	2014-08-23 11:34:54.000000	]
[ 4,	true,	0.316,	2014-08-23 11:34:54.000000	]
[ 4,	true,	0.316,	2014-08-23 11:34:54.000000	]
[ 4,	true,	0.316,	2014-08-23 11:34:54.000000	]
[ 0,	false,	0.316,	2014-08-23 11:34:54.000000	]
[ 5,	false,	0.317,	2014-08-23 11:34:54.000000	]
[ 6,	false,	0.317,	2014-08-23 11:34:54.000000	]
[ 7,	false,	0.317,	2014-08-23 11:34:54.000000	]
[ 8,	false,	0.317,	2014-08-23 11:34:54.000000	]
[ 9,	false,	0.317,	2014-08-23 11:34:54.000000	]
[ 10,	false,	0.317,	2014-08-23 11:34:54.000000	]
[ 1,	true,	0.314,	2014-08-23 11:34:54.000000	]
[ 1,	true,	0.314,	2014-08-23 11:34:54.000000	]
[ 1,	true,	0.314,	2014-08-23 11:34:54.000000	]
[ 1,	true,	0.314,	2014-08-23 11:34:54.000000	]
[ 1,	true,	0.314,	2014-08-23 11:34:54.000000	]
[ 1,	true,	0.314,	2014-08-23 11:34:54.000000	]
[ 1,	true,	0.314,	2014-08-23 11:34:54.000000	]
[ 1,	true,	0.314,	2014-08-23 11:34:54.000000	]
[ 1,	true,	0.314,	2014-08-23 11:34:54.000000	]
[ 1,	true,	0.314,	2014-08-23 11:34:54.000000	]
[ 1,	true,	0.314,	2014-08-23 11:34:54.000000	]
[ 1,	true,	0.314,	2014-08-23 11:34:54.000000	]
[ 1,	true,	0.314,	2014-08-23 11:34:54.000000	]
[ 1,	true,	0.314,	2014-08-23 11:34:54.000000	]
[ 1,	true,	0.314,	2014-08-23 11:34:54.000000	]
[ 2,	false,	0.314,	2014-08-23 11:34:54.000000	]
[ 3,	true,	0.314,	2014-08-23 11:34:54.000000	]
[ 2,	false,	0.314,	2014-08-23 11:34:54.000000	]
[ 3,	true,	0.314,	2014-08-23 11:34:54.000000	]
[ 2,	false,	0.314,	2014-08-23 11:34:54.000000	]
[ 3,	true,	0.314,	2014-08-23 11:34:54.000000	]
[ 4,	true,	0.316,	2014-08-23 11:34:54.000000	]
[ 4,	true,	0.316,	2014-08-23 11:34:54.000000	]
[ 4,	true,	0.316,	2014-08-23 11:34:54.000000	]
[ 4,	true,	0.316,	2014-08-23 11:34:54.000000	]
[ 4,	true,	0.316,	2014-08-23 11:34:54.000000	]
[ 4,	true,	0.316,	2014-08-23 11:34:54.000000	]
[ 4,	true,	0.316,	2014-08-23 11:34:54.000000	]
[ 4,	true,	0.316,	2014-08-23 11:34:54.000000	]
[ 4,	true,	0.316,	2014-08-23 11:34:54.000000	]
[ 4,	true,	0.316,	2014-08-23 11:34:54.000000	]
[ 4,	true,	0.316,	2014-08-23 11:34:54.000000	]
[ 4,	true,	0.316,	2014-08-23 11:34:54.000000	]
[ 4,	true,	0.316,	2014-08-23 11:34:54.000000	]
[ 4,	true,	0.316,	2014-08-23 11:34:54.000000	]
[ 4,	true,	0.316,	2014-08-23 11:34:54.000000	]
[ 0,	false,	0.316,	2014-08-23 11:34:54.000000	]
[ 5,	false,	0.317,	2014-08-23 11:34:54.000000	]
[ 6,	false,	0.317,	2014-08-23 11:34:54.000000	]
[ 7,	false,	0.317,	2014-08-23 11:34:54.000000	]
[ 8,	false,	0.317,	2014-08-23 11:34:54.000000	]
[ 9,	false,	0.317,	2014-08-23 11:34:54.000000	]
[ 10,	false,	0.317,	2014-08-23 11:34:54.000000	]
#select cast(sum(i) as bigint) from tmp3;
% sys.%1 # table_name
% %1 # name
% bigint # type
% 3 # length
[ 270	]
#select sum(f) from tmp3;
% sys.%1 # table_name
% %1 # name
% real # type
% 15 # length
[ 27.104	]

# 16:53:28 >  
# 16:53:28 >  "Done."
# 16:53:28 >  

