stdout of test 'test5` in directory 'sql/test/SQLite_regress/sqllogictest` itself:


# 15:51:06 >  
# 15:51:06 >  "mserver5" "--debug=10" "--set" "gdk_nr_threads=0" "--set" "mapi_open=true" "--set" "mapi_port=37833" "--set" "mapi_usock=/var/tmp/mtest-1447/.s.monetdb.37833" "--forcemito" "--dbpath=/ufs/sjoerd/@Monet-candidate/var/MonetDB/mTests_sql_test_SQLite_regress_sqllogictest" "--set" "embedded_c=true"
# 15:51:06 >  

# MonetDB 5 server v11.35.0 (hg id: 535fc010773c+)
# This is an unreleased version
# Serving database 'mTests_sql_test_SQLite_regress_sqllogictest', using 8 threads
# Compiled for x86_64-pc-linux-gnu/64bit with 128bit integers
# Found 62.692 GiB available main-memory.
# Copyright (c) 1993 - July 2008 CWI.
# Copyright (c) August 2008 - 2020 MonetDB B.V., all rights reserved
# Visit https://www.monetdb.org/ for further information
# Listening for connection requests on mapi:monetdb://methuselah.da.cwi.nl:37833/
# Listening for UNIX domain connection requests on mapi:monetdb:///var/tmp/mtest-1447/.s.monetdb.37833
# MonetDB/GIS module loaded
# MonetDB/SQL module loaded

# 15:51:07 >  
# 15:51:07 >  "./test5.SQL.sh" "test5"
# 15:51:07 >  


# 15:51:07 >  
# 15:51:07 >  python3 /net/methuselah/export/scratch1/sjoerd/src/MonetDB/candidate/sql/test/SQLite_regress/sqllogictest/sqllogictest.py --host=localhost --port=37833 --database=mTests_sql_test_SQLite_regress_sqllogictest /net/methuselah/export/scratch1/sjoerd/src/MonetDB/candidate/sql/test/SQLite_regress/sqllogictest/select2.test
# 15:51:07 >  


# 15:51:16 >  
# 15:51:16 >  "Done."
# 15:51:16 >  

